============================================================
SupportTriageEnv ΓÇö Core Validation Tests
============================================================

[CORPUS] test_corpus_loaded
  Γ£ô Corpus: 17 tickets (7 easy, 7 medium, 3 hard)

[TICKET] test_ticket_fields
  Γ£ô All 17 tickets have valid fields

[PRIORITY] test_priority_grader_exact
  Γ£ô Priority exact match: 1.0

[PRIORITY] test_priority_grader_adjacent
  Γ£ô Priority adjacent: 0.5

[PRIORITY] test_priority_grader_urgent_miss
  Γ£ô Priority urgent miss: score=0.0, penalty=0.3

[ROUTING] test_routing_grader
  Γ£ô Routing: correct=1.0, wrong_penalty=0.35

[RESPONSE] test_response_grader_good
  Γ£ô Good response score: 0.900

[RESPONSE] test_response_grader_empty
  Γ£ô Empty response score: 0.0

[RESPONSE] test_response_grader_vague
  Γ£ô Vague response score: 0.300

[TASKS] test_tasks_defined
  Γ£ô All 3 tasks defined with correct difficulties

[EPISODE] test_episode_easy
  Γ£ô Easy episode: 1 ticket, advances to done correctly

[EPISODE] test_episode_medium
  Γ£ô Medium episode: 5 tickets, all advance correctly

[SLA] test_sla_countdown
  Γ£ù FAILED: SLA should decrement: initial=1, next=1

[GRADE] test_grade_step_perfect
  Γ£ù FAILED: 

[GRADE] test_grade_step_wrong_urgent
  Γ£ô Wrong urgent: priority_penalty=0.30, reward=0.0

[COMPOUNDING] test_compounding_penalty
  Γ£ô Compounding penalty: wrong=0 ΓåÆ 0.00, wrong=3 ΓåÆ 0.15

[REWARD] test_reward_range
  Γ£ô All rewards in [0.0, 1.0] across all combinations

[ACTION] test_action_model
  Γ£ô Action model validates correctly

[OBSERVATION] test_observation_model
  Γ£ô Observation model validates correctly

[INVALID] test_invalid_action_rejected
  Γ£ô Invalid priority correctly rejected

============================================================
Results: 18/20 passed  |  2 failed
============================================================
